MPLINK 5.09, LINKER
Linker Map File - Created Sun Sep 02 22:27:06 2018

                                 Section Info
                  Section       Type    Address   Location Size(Bytes)
                ---------  ---------  ---------  ---------  ---------
                   .org_1       code   0x000000    program   0x00008e
                   .cinit    romdata   0x00008e    program   0x000002
                   .org_0       code   0x000100    program   0x00000a
.config_300001_BUILD/DEFAULT/PRODUCTION/BCD UP-    romdata   0x300001    program   0x000001
.config_300002_BUILD/DEFAULT/PRODUCTION/BCD UP-    romdata   0x300002    program   0x000001
.config_300003_BUILD/DEFAULT/PRODUCTION/BCD UP-    romdata   0x300003    program   0x000001
.config_300005_BUILD/DEFAULT/PRODUCTION/BCD UP-    romdata   0x300005    program   0x000001
.config_300006_BUILD/DEFAULT/PRODUCTION/BCD UP-    romdata   0x300006    program   0x000001



                              Program Memory Usage 
                               Start         End      
                           ---------   ---------      
                            0x000000    0x00008f      
                            0x000100    0x000109      
                            0x300001    0x300003      
                            0x300005    0x300006      
            159 out of 33048 program addresses used, program memory utilization is 0%



                              Symbols - Sorted by Name
                     Name    Address   Location    Storage File                     
                ---------  ---------  ---------  --------- ---------                
                   bucle1   0x000070    program     static C:\Users\ASUS\Desktop\Microcontroladores\MPLABXProjects\up down.X\bcd up-down.asm
                   bucle2   0x000080    program     static C:\Users\ASUS\Desktop\Microcontroladores\MPLABXProjects\up down.X\bcd up-down.asm
                     cero   0x000010    program     static C:\Users\ASUS\Desktop\Microcontroladores\MPLABXProjects\up down.X\bcd up-down.asm
                configuro   0x000004    program     static C:\Users\ASUS\Desktop\Microcontroladores\MPLABXProjects\up down.X\bcd up-down.asm
                countdown   0x000040    program     static C:\Users\ASUS\Desktop\Microcontroladores\MPLABXProjects\up down.X\bcd up-down.asm
                    datos   0x000100    program     static C:\Users\ASUS\Desktop\Microcontroladores\MPLABXProjects\up down.X\bcd up-down.asm
                     decr   0x00004c    program     static C:\Users\ASUS\Desktop\Microcontroladores\MPLABXProjects\up down.X\bcd up-down.asm
                     incr   0x00002c    program     static C:\Users\ASUS\Desktop\Microcontroladores\MPLABXProjects\up down.X\bcd up-down.asm
                   inicio   0x000014    program     static C:\Users\ASUS\Desktop\Microcontroladores\MPLABXProjects\up down.X\bcd up-down.asm
                    otro1   0x000064    program     static C:\Users\ASUS\Desktop\Microcontroladores\MPLABXProjects\up down.X\bcd up-down.asm
                    otro2   0x000074    program     static C:\Users\ASUS\Desktop\Microcontroladores\MPLABXProjects\up down.X\bcd up-down.asm
                    otro3   0x000084    program     static C:\Users\ASUS\Desktop\Microcontroladores\MPLABXProjects\up down.X\bcd up-down.asm
                  retardo   0x000060    program     static C:\Users\ASUS\Desktop\Microcontroladores\MPLABXProjects\up down.X\bcd up-down.asm
                  upcount   0x00001e    program     static C:\Users\ASUS\Desktop\Microcontroladores\MPLABXProjects\up down.X\bcd up-down.asm



                              Symbols - Sorted by Address
                     Name    Address   Location    Storage File                     
                ---------  ---------  ---------  --------- ---------                
                configuro   0x000004    program     static C:\Users\ASUS\Desktop\Microcontroladores\MPLABXProjects\up down.X\bcd up-down.asm
                     cero   0x000010    program     static C:\Users\ASUS\Desktop\Microcontroladores\MPLABXProjects\up down.X\bcd up-down.asm
                   inicio   0x000014    program     static C:\Users\ASUS\Desktop\Microcontroladores\MPLABXProjects\up down.X\bcd up-down.asm
                  upcount   0x00001e    program     static C:\Users\ASUS\Desktop\Microcontroladores\MPLABXProjects\up down.X\bcd up-down.asm
                     incr   0x00002c    program     static C:\Users\ASUS\Desktop\Microcontroladores\MPLABXProjects\up down.X\bcd up-down.asm
                countdown   0x000040    program     static C:\Users\ASUS\Desktop\Microcontroladores\MPLABXProjects\up down.X\bcd up-down.asm
                     decr   0x00004c    program     static C:\Users\ASUS\Desktop\Microcontroladores\MPLABXProjects\up down.X\bcd up-down.asm
                  retardo   0x000060    program     static C:\Users\ASUS\Desktop\Microcontroladores\MPLABXProjects\up down.X\bcd up-down.asm
                    otro1   0x000064    program     static C:\Users\ASUS\Desktop\Microcontroladores\MPLABXProjects\up down.X\bcd up-down.asm
                   bucle1   0x000070    program     static C:\Users\ASUS\Desktop\Microcontroladores\MPLABXProjects\up down.X\bcd up-down.asm
                    otro2   0x000074    program     static C:\Users\ASUS\Desktop\Microcontroladores\MPLABXProjects\up down.X\bcd up-down.asm
                   bucle2   0x000080    program     static C:\Users\ASUS\Desktop\Microcontroladores\MPLABXProjects\up down.X\bcd up-down.asm
                    otro3   0x000084    program     static C:\Users\ASUS\Desktop\Microcontroladores\MPLABXProjects\up down.X\bcd up-down.asm
                    datos   0x000100    program     static C:\Users\ASUS\Desktop\Microcontroladores\MPLABXProjects\up down.X\bcd up-down.asm


